$ /opt/anaconda3/envs/idex/bin/python -m spectrumpy_flight.idex_packet -f /Users/etay8828/Dropbox/IDEX Pipeline/3_Codes/3_SpectrumPY/4_Flight/src/spectrumpy_flight/Data/Calibration/120623_Cold_Testing_raw_data/ois_output_12062023_013145
Reading in data file /Users/etay8828/Dropbox/IDEX Pipeline/3_Codes/3_SpectrumPY/4_Flight/src/spectrumpy_flight/Data/Calibration/120623_Cold_Testing_raw_data/ois_output_12062023_013145
Data import completed, writing packet structures.
Packet structures written.
0
{'SHCOARSE': ParsedDataItem(SHCOARSE, raw=439522278, derived=439522278, unit=dn), 'SHFINE': ParsedDataItem(SHFINE, raw=9065, derived=9065, unit=dn), 'IDX__SCI0AID': ParsedDataItem(IDX__SCI0AID, raw=2415277393, derived=2415277393, unit=None), 'IDX__SCI0TYPE': ParsedDataItem(IDX__SCI0TYPE, raw=1, derived=1, unit=None), 'IDX__SCI0CONT': ParsedDataItem(IDX__SCI0CONT, raw=127, derived=127, unit=None), 'IDX__SCI0SPARE1': ParsedDataItem(IDX__SCI0SPARE1, raw=0, derived=0, unit=None), 'IDX__SCI0PACK': ParsedDataItem(IDX__SCI0PACK, raw=1, derived=EN, unit=None), 'IDX__SCI0FRAG': ParsedDataItem(IDX__SCI0FRAG, raw=0, derived=DS, unit=None), 'IDX__SCI0COMP': ParsedDataItem(IDX__SCI0COMP, raw=0, derived=DS, unit=None), 'IDX__SCI0EVTNUM': ParsedDataItem(IDX__SCI0EVTNUM, raw=0, derived=0, unit=None), 'IDX__SCI0CAT': ParsedDataItem(IDX__SCI0CAT, raw=32, derived=32, unit=None), 'IDX__SCI0QUAL': ParsedDataItem(IDX__SCI0QUAL, raw=5, derived=5, unit=None), 'IDX__SCI0FRAGOFF': ParsedDataItem(IDX__SCI0FRAGOFF, raw=0, derived=0, unit=None), 'IDX__SCI0VER': ParsedDataItem(IDX__SCI0VER, raw=9, derived=9, unit=None), 'IDX__SCI0TIME32': ParsedDataItem(IDX__SCI0TIME32, raw=439522207, derived=439522207, unit=None), 'IDX__SCI0SPARE2': ParsedDataItem(IDX__SCI0SPARE2, raw=0, derived=0, unit=None), 'IDX__SCI0SPARE3': ParsedDataItem(IDX__SCI0SPARE3, raw=0, derived=0, unit=None), 'IDX__SCI0SPARE4': ParsedDataItem(IDX__SCI0SPARE4, raw=0, derived=0, unit=None), 'IDX__TXHDRSCIEVTLEN': ParsedDataItem(IDX__TXHDRSCIEVTLEN, raw=8320, derived=8320, unit=None), 'IDX__TXHDRSP00': ParsedDataItem(IDX__TXHDRSP00, raw=0, derived=0, unit=None), 'IDX__TXHDRTIMESEC1': ParsedDataItem(IDX__TXHDRTIMESEC1, raw=6706, derived=6706, unit=None), 'IDX__TXHDRTIMESEC2': ParsedDataItem(IDX__TXHDRTIMESEC2, raw=37791, derived=37791, unit=None), 'IDX__TXHDRTIMESUBS': ParsedDataItem(IDX__TXHDRTIMESUBS, raw=3011, derived=3011, unit=None), 'IDX__TXHDRSP01': ParsedDataItem(IDX__TXHDRSP01, raw=0, derived=0, unit=None), 'IDX__TXHDRTRIGOFFSET': ParsedDataItem(IDX__TXHDRTRIGOFFSET, raw=4, derived=4, unit=None), 'IDX__TXHDRSP02': ParsedDataItem(IDX__TXHDRSP02, raw=0, derived=0, unit=None), 'IDX__TXHDRTRIGID': ParsedDataItem(IDX__TXHDRTRIGID, raw=16, derived=16, unit=None), 'IDX__TXHDREVTNUM': ParsedDataItem(IDX__TXHDREVTNUM, raw=0, derived=0, unit=None), 'IDX__TXHDRBLOCKS': ParsedDataItem(IDX__TXHDRBLOCKS, raw=1073182687, derived=1073182687, unit=None), 'IDX__TXHDRHGTRIGCTRL1': ParsedDataItem(IDX__TXHDRHGTRIGCTRL1, raw=2222981120, derived=2222981120, unit=None), 'IDX__TXHDRHGTRIGCTRL2': ParsedDataItem(IDX__TXHDRHGTRIGCTRL2, raw=0, derived=0, unit=None), 'IDX__TXHDRLGTRIGCTRL1': ParsedDataItem(IDX__TXHDRLGTRIGCTRL1, raw=4294965248, derived=4294965248, unit=None), 'IDX__TXHDRLGTRIGCTRL2': ParsedDataItem(IDX__TXHDRLGTRIGCTRL2, raw=4278255360, derived=4278255360, unit=None), 'IDX__TXHDRMGTRIGCTRL1': ParsedDataItem(IDX__TXHDRMGTRIGCTRL1, raw=4294965248, derived=4294965248, unit=None), 'IDX__TXHDRMGTRIGCTRL2': ParsedDataItem(IDX__TXHDRMGTRIGCTRL2, raw=4278255360, derived=4278255360, unit=None), 'IDX__TXHDRSP03': ParsedDataItem(IDX__TXHDRSP03, raw=0, derived=0, unit=None), 'IDX__TXHDRLSADC': ParsedDataItem(IDX__TXHDRLSADC, raw=1048320, derived=1048320, unit=None), 'IDX__TXHDRPOLSTAT': ParsedDataItem(IDX__TXHDRPOLSTAT, raw=1, derived=NEG, unit=None), 'IDX__TXHDRSP04': ParsedDataItem(IDX__TXHDRSP04, raw=0, derived=0, unit=None), 'IDX__TXHDRPOLCTRL': ParsedDataItem(IDX__TXHDRPOLCTRL, raw=0, derived=POS, unit=None), 'IDX__TXHDRCOINENA': ParsedDataItem(IDX__TXHDRCOINENA, raw=0, derived=DIS, unit=None), 'IDX__TXHDRLSTRIGMODE': ParsedDataItem(IDX__TXHDRLSTRIGMODE, raw=0, derived=DIS, unit=None), 'IDX__TXHDRMGTRIGMODE': ParsedDataItem(IDX__TXHDRMGTRIGMODE, raw=0, derived=0, unit=None), 'IDX__TXHDRLGTRIGMODE': ParsedDataItem(IDX__TXHDRLGTRIGMODE, raw=0, derived=0, unit=None), 'IDX__TXHDRHGTRIGMODE': ParsedDataItem(IDX__TXHDRHGTRIGMODE, raw=0, derived=0, unit=None), 'IDX__TXHDRSP05': ParsedDataItem(IDX__TXHDRSP05, raw=0, derived=0, unit=None), 'IDX__TXHDRSP06': ParsedDataItem(IDX__TXHDRSP06, raw=0, derived=0, unit=None), 'IDX__TXHDRSP07': ParsedDataItem(IDX__TXHDRSP07, raw=0, derived=0, unit=None), 'IDX__TXHDRSP08': ParsedDataItem(IDX__TXHDRSP08, raw=0, derived=0, unit=None), 'IDX__TXHDRTOFMAX': ParsedDataItem(IDX__TXHDRTOFMAX, raw=1069545469, derived=1069545469, unit=None), 'IDX__TXHDRTOFMIN': ParsedDataItem(IDX__TXHDRTOFMIN, raw=2050, derived=2050, unit=None), 'IDX__TXHDRLS0MAXMIN': ParsedDataItem(IDX__TXHDRLS0MAXMIN, raw=8468493, derived=8468493, unit=None), 'IDX__TXHDRLS1MAXMIN': ParsedDataItem(IDX__TXHDRLS1MAXMIN, raw=8452070, derived=8452070, unit=None), 'IDX__TXHDRLS2MAXMIN': ParsedDataItem(IDX__TXHDRLS2MAXMIN, raw=8304611, derived=8304611, unit=None), 'IDX__TXHDRFIFODELAY': ParsedDataItem(IDX__TXHDRFIFODELAY, raw=0, derived=0, unit=None), 'IDX__TXHDRSAMPDELAY': ParsedDataItem(IDX__TXHDRSAMPDELAY, raw=32537631, derived=32537631, unit=None), 'IDX__TXHDRTRANSCNT': ParsedDataItem(IDX__TXHDRTRANSCNT, raw=1023, derived=1023, unit=None), 'IDX__TXHDRPROCHKCH01': ParsedDataItem(IDX__TXHDRPROCHKCH01, raw=83755862, derived=83755862, unit=None), 'IDX__TXHDRPROCHKCH23': ParsedDataItem(IDX__TXHDRPROCHKCH23, raw=96470211, derived=96470211, unit=None), 'IDX__TXHDRPROCHKCH45': ParsedDataItem(IDX__TXHDRPROCHKCH45, raw=167511258, derived=167511258, unit=None), 'IDX__TXHDRPROCHKCH67': ParsedDataItem(IDX__TXHDRPROCHKCH67, raw=133630232, derived=133630232, unit=None), 'IDX__TXHDRHVPSHKCH01': ParsedDataItem(IDX__TXHDRHVPSHKCH01, raw=131794058, derived=131794058, unit=None), 'IDX__TXHDRHVPSHKCH23': ParsedDataItem(IDX__TXHDRHVPSHKCH23, raw=8849070, derived=8849070, unit=None), 'IDX__TXHDRHVPSHKCH45': ParsedDataItem(IDX__TXHDRHVPSHKCH45, raw=108595161, derived=108595161, unit=None), 'IDX__TXHDRHVPSHKCH67': ParsedDataItem(IDX__TXHDRHVPSHKCH67, raw=19991184, derived=19991184, unit=None), 'IDX__TXHDRLVHK0CH01': ParsedDataItem(IDX__TXHDRLVHK0CH01, raw=134219776, derived=134219776, unit=None), 'IDX__TXHDRLVHK0CH23': ParsedDataItem(IDX__TXHDRLVHK0CH23, raw=171969465, derived=171969465, unit=None), 'IDX__TXHDRLVHK0CH45': ParsedDataItem(IDX__TXHDRLVHK0CH45, raw=134745198, derived=134745198, unit=None), 'IDX__TXHDRLVHK0CH67': ParsedDataItem(IDX__TXHDRLVHK0CH67, raw=205851731, derived=205851731, unit=None), 'IDX__TXHDRLVHK1CH01': ParsedDataItem(IDX__TXHDRLVHK1CH01, raw=32966299, derived=32966299, unit=None), 'IDX__TXHDRLVHK1CH23': ParsedDataItem(IDX__TXHDRLVHK1CH23, raw=75367899, derived=75367899, unit=None), 'IDX__TXHDRLVHK1CH45': ParsedDataItem(IDX__TXHDRLVHK1CH45, raw=217253720, derived=217253720, unit=None), 'IDX__TXHDRLVHK1CH67': ParsedDataItem(IDX__TXHDRLVHK1CH67, raw=193003972, derived=193003972, unit=None), 'IDX__TXHDRLVHK2CH01': ParsedDataItem(IDX__TXHDRLVHK2CH01, raw=84346122, derived=84346122, unit=None), 'IDX__TXHDRLVHK2CH23': ParsedDataItem(IDX__TXHDRLVHK2CH23, raw=183307117, derived=183307117, unit=None), 'IDX__TXHDRLVHK2CH45': ParsedDataItem(IDX__TXHDRLVHK2CH45, raw=100993981, derived=100993981, unit=None), 'IDX__TXHDRLVHK2CH67': ParsedDataItem(IDX__TXHDRLVHK2CH67, raw=69016, derived=69016, unit=None), 'IDX__TXHDRSP09': ParsedDataItem(IDX__TXHDRSP09, raw=0, derived=0, unit=None), 'IDX__TXHDRSP10': ParsedDataItem(IDX__TXHDRSP10, raw=0, derived=0, unit=None), 'IDX__TXHDRFSWAIDCOPY': ParsedDataItem(IDX__TXHDRFSWAIDCOPY, raw=2415277393, derived=2415277393, unit=None), 'IDX__TXHDRFSWBINCOPY': ParsedDataItem(IDX__TXHDRFSWBINCOPY, raw=0, derived=0, unit=None), 'IDX__TXHDRFSWMAJOR': ParsedDataItem(IDX__TXHDRFSWMAJOR, raw=2, derived=2, unit=None), 'IDX__TXHDRFSWMINOR': ParsedDataItem(IDX__TXHDRFSWMINOR, raw=0, derived=0, unit=None), 'IDX__TXHDRFSWPATCH': ParsedDataItem(IDX__TXHDRFSWPATCH, raw=0, derived=0, unit=None), 'IDX__TXHDRFSWHVSTAT': ParsedDataItem(IDX__TXHDRFSWHVSTAT, raw=3, derived=3, unit=None), 'IDX__TXHDRFSWMEM0': ParsedDataItem(IDX__TXHDRFSWMEM0, raw=0, derived=0, unit=None), 'IDX__TXHDRFSWMEM1': ParsedDataItem(IDX__TXHDRFSWMEM1, raw=0, derived=0, unit=None), 'IDX__TXHDRFSWPT0': ParsedDataItem(IDX__TXHDRFSWPT0, raw=0, derived=0, unit=None), 'IDX__TXHDRFSWPT1': ParsedDataItem(IDX__TXHDRFSWPT1, raw=0, derived=0, unit=None), 'IDX__TXHDRFSWPT2': ParsedDataItem(IDX__TXHDRFSWPT2, raw=0, derived=0, unit=None), 'IDX__TXHDRFSWPT3': ParsedDataItem(IDX__TXHDRFSWPT3, raw=0, derived=0, unit=None), 'IDX__TXHDRFSWPT4': ParsedDataItem(IDX__TXHDRFSWPT4, raw=0, derived=0, unit=None), 'IDX__TXHDRFSWPT5': ParsedDataItem(IDX__TXHDRFSWPT5, raw=0, derived=0, unit=None), 'IDX__TXHDRFSWPT6': ParsedDataItem(IDX__TXHDRFSWPT6, raw=0, derived=0, unit=None), 'IDX__TXHDRFSWPT7': ParsedDataItem(IDX__TXHDRFSWPT7, raw=0, derived=0, unit=None), 'IDX__TXHDRFSWPT8': ParsedDataItem(IDX__TXHDRFSWPT8, raw=0, derived=0, unit=None), 'IDX__TXHDRFSWPT9': ParsedDataItem(IDX__TXHDRFSWPT9, raw=0, derived=0, unit=None), 'IDX__TXHDRFPGAVER': ParsedDataItem(IDX__TXHDRFPGAVER, raw=539165480, derived=539165480, unit=None), 'IDX__SYNCSCI0PKT': ParsedDataItem(IDX__SYNCSCI0PKT, raw=13107, derived=13107, unit=None), 'IDX__CRCSCI0PKT': ParsedDataItem(IDX__CRCSCI0PKT, raw=12058, derived=12058, unit=None)}
SHCOARSE = 439522278
SHFINE = 9065
IDX__SCI0AID = 2415277393
IDX__SCI0TYPE = 1
IDX__SCI0CONT = 127
IDX__SCI0SPARE1 = 0
IDX__SCI0PACK = EN
IDX__SCI0FRAG = DS
IDX__SCI0COMP = DS
IDX__SCI0EVTNUM = 0
IDX__SCI0CAT = 32
IDX__SCI0QUAL = 5
IDX__SCI0FRAGOFF = 0
IDX__SCI0VER = 9
IDX__SCI0TIME32 = 439522207
IDX__SCI0SPARE2 = 0
IDX__SCI0SPARE3 = 0
IDX__SCI0SPARE4 = 0
IDX__TXHDRSCIEVTLEN = 8320
IDX__TXHDRSP00 = 0
IDX__TXHDRTIMESEC1 = 6706
IDX__TXHDRTIMESEC2 = 37791
IDX__TXHDRTIMESUBS = 3011
IDX__TXHDRSP01 = 0
IDX__TXHDRTRIGOFFSET = 4
IDX__TXHDRSP02 = 0
IDX__TXHDRTRIGID = 16
IDX__TXHDREVTNUM = 0
IDX__TXHDRBLOCKS = 1073182687
IDX__TXHDRHGTRIGCTRL1 = 2222981120
IDX__TXHDRHGTRIGCTRL2 = 0
IDX__TXHDRLGTRIGCTRL1 = 4294965248
IDX__TXHDRLGTRIGCTRL2 = 4278255360
IDX__TXHDRMGTRIGCTRL1 = 4294965248
IDX__TXHDRMGTRIGCTRL2 = 4278255360
IDX__TXHDRSP03 = 0
IDX__TXHDRLSADC = 1048320
IDX__TXHDRPOLSTAT = NEG
IDX__TXHDRSP04 = 0
IDX__TXHDRPOLCTRL = POS
IDX__TXHDRCOINENA = DIS
IDX__TXHDRLSTRIGMODE = DIS
IDX__TXHDRMGTRIGMODE = 0
IDX__TXHDRLGTRIGMODE = 0
IDX__TXHDRHGTRIGMODE = 0
IDX__TXHDRSP05 = 0
IDX__TXHDRSP06 = 0
IDX__TXHDRSP07 = 0
IDX__TXHDRSP08 = 0
IDX__TXHDRTOFMAX = 1069545469
IDX__TXHDRTOFMIN = 2050
IDX__TXHDRLS0MAXMIN = 8468493
IDX__TXHDRLS1MAXMIN = 8452070
IDX__TXHDRLS2MAXMIN = 8304611
IDX__TXHDRFIFODELAY = 0
IDX__TXHDRSAMPDELAY = 32537631
IDX__TXHDRTRANSCNT = 1023
IDX__TXHDRPROCHKCH01 = 83755862
IDX__TXHDRPROCHKCH23 = 96470211
IDX__TXHDRPROCHKCH45 = 167511258
IDX__TXHDRPROCHKCH67 = 133630232
IDX__TXHDRHVPSHKCH01 = 131794058
IDX__TXHDRHVPSHKCH23 = 8849070
IDX__TXHDRHVPSHKCH45 = 108595161
IDX__TXHDRHVPSHKCH67 = 19991184
IDX__TXHDRLVHK0CH01 = 134219776
IDX__TXHDRLVHK0CH23 = 171969465
IDX__TXHDRLVHK0CH45 = 134745198
IDX__TXHDRLVHK0CH67 = 205851731
IDX__TXHDRLVHK1CH01 = 32966299
IDX__TXHDRLVHK1CH23 = 75367899
IDX__TXHDRLVHK1CH45 = 217253720
IDX__TXHDRLVHK1CH67 = 193003972
IDX__TXHDRLVHK2CH01 = 84346122
IDX__TXHDRLVHK2CH23 = 183307117
IDX__TXHDRLVHK2CH45 = 100993981
IDX__TXHDRLVHK2CH67 = 69016
IDX__TXHDRSP09 = 0
IDX__TXHDRSP10 = 0
IDX__TXHDRFSWAIDCOPY = 2415277393
IDX__TXHDRFSWBINCOPY = 0
IDX__TXHDRFSWMAJOR = 2
IDX__TXHDRFSWMINOR = 0
IDX__TXHDRFSWPATCH = 0
IDX__TXHDRFSWHVSTAT = 3
IDX__TXHDRFSWMEM0 = 0
IDX__TXHDRFSWMEM1 = 0
IDX__TXHDRFSWPT0 = 0
IDX__TXHDRFSWPT1 = 0
IDX__TXHDRFSWPT2 = 0
IDX__TXHDRFSWPT3 = 0
IDX__TXHDRFSWPT4 = 0
IDX__TXHDRFSWPT5 = 0
IDX__TXHDRFSWPT6 = 0
IDX__TXHDRFSWPT7 = 0
IDX__TXHDRFSWPT8 = 0
IDX__TXHDRFSWPT9 = 0
IDX__TXHDRFPGAVER = 539165480
IDX__SYNCSCI0PKT = 13107
IDX__CRCSCI0PKT = 12058
^*****Event header 1******^
HS pre trig sampling blocks:  31
LS pre trig sampling blocks:  7
HS post trig sampling blocks:  31
LS post trig sampling blocks:  7
IDX__TXHDRHVPSHKCH01 = 131794058
Detector voltage =  1162
Sensor voltage =  2011
Target voltage =  1710
Reflectron voltage =  135
Rejection voltage =  2009
Current for HVPS sensor =  1657
Positive current for HVPS sensor =  2704
Negative current for HVPS sensor =  305
Voltage +3.3V reference =  2048
Voltage +3.3V operational reference =  2048
Voltage -6V bus =  3001
Voltage +6V bus =  2624
Voltage +16V bus =  3182
Voltage +3.3V bus =  2056
Voltage -5V bus =  3155
Voltage +5V bus =  3141
Current +3.3V bus =  1691
Current +16V bus =  1150
Current +6V bus =  1499
Current -6V bus =  1150
Current +5V bus =  1880
Current -5V bus =  3315
Current +2.5V bus =  452
Current -2.5V bus =  2945
Current on the 1V POL =  854
Current on the 1.9V POL =  1278
ProcBd Temperature 1 =  1219
ProcBd Temperature 2 =  1472
Voltage on 1V bus =  1242
FPGA Temperature =  2556
Voltage on 1.9V bus =  2328
Voltage on 3.3V bus =  2039
var_to_row = {'Last measurement in raw DN for Processor Board signal “1V POL Current”': 0, 'Last measurement in raw DN for Processor Board signal “1.9V POL Current”': 1, 'Last measurement in raw DN for Processor Board signal “ProcBd Temp1”': 2, nan: 48, 'Last measurement in raw DN for Processor Board signal “ProcBd Temp2”': 6, 'Last measurement in raw DN for Processor Board signal “1V Voltage”': 10, 'Last measurement in raw DN for Processor Board signal “FPGA Temp”': 11, 'Last measurement in raw DN for Processor Board signal “1.9V Voltage”': 12, 'Last measurement in raw DN for Processor Board signal “3.3V Voltage”': 13, 'Last measurement in raw DN for HVPS Board signal “Detector Voltage”': 14, 'Last measurement in raw DN for HVPS Board signal “Sensor Voltage"': 15, 'Last measurement in raw DN for HVPS Board signal “Target Voltage”': 16, 'Last measurement in raw DN for HVPS Board signal “Reflectron Voltage”': 17, 'Last measurement in raw DN for HVPS Board signal “Rejection Voltage”': 18, 'Last measurement in raw DN for HVPS Board signal “Detector Current”': 19, 'Last measurement in raw DN for HVPS Board signal “Sensor IP”': 20, 'Last measurement in raw DN for HVPS Board signal “Sensor IN”': 21, 'Last measurement in raw DN for LVPS Board signal “P3.3VREF_HK”': 22, 'Last measurement in raw DN for LVPS Board signal “P3.3VREF_OP”': 23, 'Last measurement in raw DN for LVPS Board signal “N6V”': 24, 'Last measurement in raw DN for LVPS Board signal “P6V”': 25, 'Last measurement in raw DN for LVPS Board signal “P16V”': 26, 'Last measurement in raw DN for LVPS Board signal “P3.3V”': 27, 'Last measurement in raw DN for LVPS Board signal “N5V”': 28, 'Last measurement in raw DN for LVPS Board signal “P5V”': 29, 'Last measurement in raw DN for LVPS Board signal “P3.3_IMON”': 30, 'Last measurement in raw DN for LVPS Board signal “P16V_IMON”': 31, 'Last measurement in raw DN for LVPS Board signal “P6V_IMON”': 32, 'Last measurement in raw DN for LVPS Board signal “N6V_IMON”': 33, 'Last measurement in raw DN for LVPS Board signal “P5V_IMON”': 34, 'Last measurement in raw DN for LVPS Board signal “N5V_IMON”': 35, 'Last measurement in raw DN for LVPS Board signal “P2.5V_IMON”': 36, 'Last measurement in raw DN for LVPS Board signal “N2.5V_IMON”': 37, 'Last measurement in raw DN for LVPS Board signal “THERM_DECON0”': 38, 'Last measurement in raw DN for LVPS Board signal “THERM_DECON1”': 39, 'Last measurement in raw DN for LVPS Board signal “THERM_DAB”': 40, 'Last measurement in raw DN for LVPS Board signal “THERM_LVPS”': 41, 'Last measurement in raw DN for LVPS Board signal “THERM_HVPS”': 45, 'Last measurement in raw DN for LVPS Board signal “P2.5V”': 49, 'Last measurement in raw DN for LVPS Board signal “N2.5V”': 50, 'Last measurement in raw DN for LVPS Board signal “Spare”': 51}

 
 ***** var_name being converted for each instrument setting ***** 
 

Matching row  18
coeffs for Last measurement in raw DN for Processor Board signal “1V POL Current”= [0.0 0.9029253 0.0 0.0 0.0 0.0 0.0 0.0]
var_name = Last measurement in raw DN for Processor Board signal “1V POL Current”
var_name = current_1V_pol
Header info = 854
Transformed value for current_1V_pol = 771.0982062
Matching row  18
coeffs for Last measurement in raw DN for Processor Board signal “1.9V POL Current”= [0.0 0.9029253 0.0 0.0 0.0 0.0 0.0 0.0]
var_name = Last measurement in raw DN for Processor Board signal “1.9V POL Current”
var_name = current_1.9V_pol
Header info = 1278
Transformed value for current_1.9V_pol = 1153.9385334
Matching row  18
coeffs for Last measurement in raw DN for Processor Board signal “ProcBd Temp1”= [162.8276 -0.2668687 0.0003323794 -2.43153e-07 9.034532e-11 -1.327735e-14
 0.0 0.0]
var_name = Last measurement in raw DN for Processor Board signal “ProcBd Temp1”
var_name = temperature_1
Header info = 1219
Transformed value for temperature_1 = 54.72515700493998
Matching row  18
coeffs for nan= [-104713.9 52.02446 -0.006463374 0.0 0.0 0.0 0.0 0.0]
var_name = nan
var_name = None
KeyError: (1, None) - Could not find entry for None, 48. Please check the Var_notes or variable mapping.
Matching row  18
coeffs for Last measurement in raw DN for Processor Board signal “ProcBd Temp2”= [162.8276 -0.2668687 0.0003323794 -2.43153e-07 9.034532e-11 -1.327735e-14
 0.0 0.0]
var_name = Last measurement in raw DN for Processor Board signal “ProcBd Temp2”
var_name = temperature_2
Header info = 1472
Transformed value for temperature_2 = 47.06092127434002
Matching row  18
coeffs for Last measurement in raw DN for Processor Board signal “1V Voltage”= [0.0 0.000805861 0.0 0.0 0.0 0.0 0.0 0.0]
var_name = Last measurement in raw DN for Processor Board signal “1V Voltage”
var_name = voltage_1V_bus
Header info = 1242
Transformed value for voltage_1V_bus = 1.0008793619999998
Matching row  18
coeffs for Last measurement in raw DN for Processor Board signal “FPGA Temp”= [358.31 -0.1187104 0.0 0.0 0.0 0.0 0.0 0.0]
var_name = Last measurement in raw DN for Processor Board signal “FPGA Temp”
var_name = fpga_temperature
Header info = 2556
Transformed value for fpga_temperature = 54.88621760000001
Matching row  18
coeffs for Last measurement in raw DN for Processor Board signal “1.9V Voltage”= [0.0 0.000805861 0.0 0.0 0.0 0.0 0.0 0.0]
var_name = Last measurement in raw DN for Processor Board signal “1.9V Voltage”
var_name = voltage_1.9V_bus
Header info = 2328
Transformed value for voltage_1.9V_bus = 1.8760444079999998
Matching row  18
coeffs for Last measurement in raw DN for Processor Board signal “3.3V Voltage”= [0.0 0.001611722 0.0 0.0 0.0 0.0 0.0 0.0]
var_name = Last measurement in raw DN for Processor Board signal “3.3V Voltage”
var_name = voltage_3.3V_bus
Header info = 2039
Transformed value for voltage_3.3V_bus = 3.2863011579999997
Matching row  18
coeffs for Last measurement in raw DN for HVPS Board signal “Detector Voltage”= [0.0 1.4652 0.0 0.0 0.0 0.0 0.0 0.0]
var_name = Last measurement in raw DN for HVPS Board signal “Detector Voltage”
var_name = detector_voltage
Header info = 1162
Transformed value for detector_voltage = 1702.5624
Matching row  18
coeffs for Last measurement in raw DN for HVPS Board signal “Sensor Voltage"= [0.0 1.4652 0.0 0.0 0.0 0.0 0.0 0.0]
var_name = Last measurement in raw DN for HVPS Board signal “Sensor Voltage"
var_name = sensor_voltage
Header info = 2011
Transformed value for sensor_voltage = 2946.5172000000002
Matching row  18
coeffs for Last measurement in raw DN for HVPS Board signal “Target Voltage”= [0.0 1.4652 0.0 0.0 0.0 0.0 0.0 0.0]
var_name = Last measurement in raw DN for HVPS Board signal “Target Voltage”
var_name = target_voltage
Header info = 1710
Transformed value for target_voltage = 2505.492
Matching row  18
coeffs for Last measurement in raw DN for HVPS Board signal “Reflectron Voltage”= [0.0 1.4652 0.0 0.0 0.0 0.0 0.0 0.0]
var_name = Last measurement in raw DN for HVPS Board signal “Reflectron Voltage”
var_name = reflectron_voltage
Header info = 135
Transformed value for reflectron_voltage = 197.80200000000002
Matching row  18
coeffs for Last measurement in raw DN for HVPS Board signal “Rejection Voltage”= [0.0 1.4652 0.0 0.0 0.0 0.0 0.0 0.0]
var_name = Last measurement in raw DN for HVPS Board signal “Rejection Voltage”
var_name = rejection_voltage
Header info = 2009
Transformed value for rejection_voltage = 2943.5868
Matching row  18
coeffs for Last measurement in raw DN for HVPS Board signal “Detector Current”= [0.0 7.326e-06 0.0 0.0 0.0 0.0 0.0 0.0]
var_name = Last measurement in raw DN for HVPS Board signal “Detector Current”
var_name = current_hvps_sensor
Header info = 1657
Transformed value for current_hvps_sensor = 0.012139182
Matching row  18
coeffs for Last measurement in raw DN for HVPS Board signal “Sensor IP”= [0.0 2.4339e-05 0.0 0.0 0.0 0.0 0.0 0.0]
var_name = Last measurement in raw DN for HVPS Board signal “Sensor IP”
var_name = positive_current_hvps
Header info = 2704
Transformed value for positive_current_hvps = 0.065812656
Matching row  18
coeffs for Last measurement in raw DN for HVPS Board signal “Sensor IN”= [0.0 2.4339e-05 0.0 0.0 0.0 0.0 0.0 0.0]
var_name = Last measurement in raw DN for HVPS Board signal “Sensor IN”
var_name = negative_current_hvps
Header info = 305
Transformed value for negative_current_hvps = 0.007423394999999999
Matching row  18
coeffs for Last measurement in raw DN for LVPS Board signal “P3.3VREF_HK”= [0.0 0.00161172 0.0 0.0 0.0 0.0 0.0 0.0]
var_name = Last measurement in raw DN for LVPS Board signal “P3.3VREF_HK”
var_name = voltage_3V3_ref
Header info = 2048
Transformed value for voltage_3V3_ref = 3.30080256
Matching row  18
coeffs for Last measurement in raw DN for LVPS Board signal “P3.3VREF_OP”= [0.0 0.00161172 0.0 0.0 0.0 0.0 0.0 0.0]
var_name = Last measurement in raw DN for LVPS Board signal “P3.3VREF_OP”
var_name = voltage_3V3_op_ref
Header info = 2048
Transformed value for voltage_3V3_op_ref = 3.30080256
Matching row  18
coeffs for Last measurement in raw DN for LVPS Board signal “N6V”= [-33.0 0.00886447 0.0 0.0 0.0 0.0 0.0 0.0]
var_name = Last measurement in raw DN for LVPS Board signal “N6V”
var_name = voltage_neg6V_bus
Header info = 3001
Transformed value for voltage_neg6V_bus = -6.397725530000002
Matching row  18
coeffs for Last measurement in raw DN for LVPS Board signal “P6V”= [0.0 0.00241758 0.0 0.0 0.0 0.0 0.0 0.0]
var_name = Last measurement in raw DN for LVPS Board signal “P6V”
var_name = voltage_pos6V_bus
Header info = 2624
Transformed value for voltage_pos6V_bus = 6.3437299199999995
Matching row  18
coeffs for Last measurement in raw DN for LVPS Board signal “P16V”= [0.0 0.00482711 0.0 0.0 0.0 0.0 0.0 0.0]
var_name = Last measurement in raw DN for LVPS Board signal “P16V”
var_name = voltage_pos16V_bus
Header info = 3182
Transformed value for voltage_pos16V_bus = 15.35986402
Matching row  18
coeffs for Last measurement in raw DN for LVPS Board signal “P3.3V”= [0.0 0.00161172 0.0 0.0 0.0 0.0 0.0 0.0]
var_name = Last measurement in raw DN for LVPS Board signal “P3.3V”
var_name = voltage_pos3V3_bus
Header info = 2056
Transformed value for voltage_pos3V3_bus = 3.31369632
Matching row  18
coeffs for Last measurement in raw DN for LVPS Board signal “N5V”= [-33.0 0.00886447 0.0 0.0 0.0 0.0 0.0 0.0]
var_name = Last measurement in raw DN for LVPS Board signal “N5V”
var_name = voltage_neg5V_bus
Header info = 3155
Transformed value for voltage_neg5V_bus = -5.032597150000001
Matching row  18
coeffs for Last measurement in raw DN for LVPS Board signal “P5V”= [0.0 0.00161172 0.0 0.0 0.0 0.0 0.0 0.0]
var_name = Last measurement in raw DN for LVPS Board signal “P5V”
var_name = voltage_pos5V_bus
Header info = 3141
Transformed value for voltage_pos5V_bus = 5.0624125200000005
Matching row  18
coeffs for Last measurement in raw DN for LVPS Board signal “P3.3_IMON”= [0.0 0.00161172 0.0 0.0 0.0 0.0 0.0 0.0]
var_name = Last measurement in raw DN for LVPS Board signal “P3.3_IMON”
var_name = current_3V3_bus
Header info = 1691
Transformed value for current_3V3_bus = 2.7254185200000003
Matching row  18
coeffs for Last measurement in raw DN for LVPS Board signal “P16V_IMON”= [0.0 0.000161172 0.0 0.0 0.0 0.0 0.0 0.0]
var_name = Last measurement in raw DN for LVPS Board signal “P16V_IMON”
var_name = current_16V_bus
Header info = 1150
Transformed value for current_16V_bus = 0.1853478
Matching row  18
coeffs for Last measurement in raw DN for LVPS Board signal “P6V_IMON”= [0.0 8.05861e-05 0.0 0.0 0.0 0.0 0.0 0.0]
var_name = Last measurement in raw DN for LVPS Board signal “P6V_IMON”
var_name = current_6V_bus
Header info = 1499
Transformed value for current_6V_bus = 0.1207985639
Matching row  18
coeffs for Last measurement in raw DN for LVPS Board signal “N6V_IMON”= [0.0 -8.05861e-05 0.0 0.0 0.0 0.0 0.0 0.0]
var_name = Last measurement in raw DN for LVPS Board signal “N6V_IMON”
var_name = current_neg6V_bus
Header info = 1150
Transformed value for current_neg6V_bus = -0.092674015
Matching row  18
coeffs for Last measurement in raw DN for LVPS Board signal “P5V_IMON”= [0.0 4.029304e-05 0.0 0.0 0.0 0.0 0.0 0.0]
var_name = Last measurement in raw DN for LVPS Board signal “P5V_IMON”
var_name = current_5V_bus
Header info = 1880
Transformed value for current_5V_bus = 0.07575091519999999
Matching row  18
coeffs for Last measurement in raw DN for LVPS Board signal “N5V_IMON”= [0.0 -2.01465e-05 0.0 0.0 0.0 0.0 0.0 0.0]
var_name = Last measurement in raw DN for LVPS Board signal “N5V_IMON”
var_name = current_neg5V_bus
Header info = 3315
Transformed value for current_neg5V_bus = -0.0667856475
Matching row  18
coeffs for Last measurement in raw DN for LVPS Board signal “P2.5V_IMON”= [0.0 0.00161172 0.0 0.0 0.0 0.0 0.0 0.0]
var_name = Last measurement in raw DN for LVPS Board signal “P2.5V_IMON”
var_name = current_2V5_bus
Header info = 452
Transformed value for current_2V5_bus = 0.72849744
Matching row  18
coeffs for Last measurement in raw DN for LVPS Board signal “N2.5V_IMON”= [0.0 -4.0293e-05 0.0 0.0 0.0 0.0 0.0 0.0]
var_name = Last measurement in raw DN for LVPS Board signal “N2.5V_IMON”
var_name = current_neg2V5_bus
Header info = 2945
Transformed value for current_neg2V5_bus = -0.11866288500000001
Matching row  18
coeffs for Last measurement in raw DN for LVPS Board signal “THERM_DECON0”= [-110.293 0.0665351 0.000305738 -6.32048e-07 5.9934e-10 -2.98784e-13
 7.61361e-17 -7.76467e-21]
var_name = Last measurement in raw DN for LVPS Board signal “THERM_DECON0”
var_name = None
KeyError: (1, None) - Could not find entry for None, 38. Please check the Var_notes or variable mapping.
Matching row  18
coeffs for Last measurement in raw DN for LVPS Board signal “THERM_DECON1”= [-150.478 0.376986 -0.00062072 7.73853e-07 -5.81588e-10 2.56368e-13
 -6.05698e-17 5.96635e-21]
var_name = Last measurement in raw DN for LVPS Board signal “THERM_DECON1”
var_name = None
KeyError: (1, None) - Could not find entry for None, 39. Please check the Var_notes or variable mapping.
Matching row  18
coeffs for Last measurement in raw DN for LVPS Board signal “THERM_DAB”= [-443.248 1.31224 -0.00180422 1.40016e-06 -6.43766e-10 1.7448e-13
 -2.57695e-17 1.60239e-21]
var_name = Last measurement in raw DN for LVPS Board signal “THERM_DAB”
var_name = None
KeyError: (1, None) - Could not find entry for None, 40. Please check the Var_notes or variable mapping.
Matching row  18
coeffs for Last measurement in raw DN for LVPS Board signal “THERM_LVPS”= [200.4137 -0.2020699 0.000175403 -9.739547e-08 2.888932e-11 -3.545603e-15
 0.0 0.0]
var_name = Last measurement in raw DN for LVPS Board signal “THERM_LVPS”
var_name = None
KeyError: (1, None) - Could not find entry for None, 41. Please check the Var_notes or variable mapping.
Matching row  18
coeffs for Last measurement in raw DN for LVPS Board signal “THERM_HVPS”= [200.4137 -0.2020699 0.000175403 -9.739547e-08 2.888932e-11 -3.545603e-15
 0.0 0.0]
var_name = Last measurement in raw DN for LVPS Board signal “THERM_HVPS”
var_name = None
KeyError: (1, None) - Could not find entry for None, 45. Please check the Var_notes or variable mapping.
Matching row  18
coeffs for Last measurement in raw DN for LVPS Board signal “P2.5V”= [0.0 0.00161172 0.0 0.0 0.0 0.0 0.0 0.0]
var_name = Last measurement in raw DN for LVPS Board signal “P2.5V”
var_name = None
KeyError: (1, None) - Could not find entry for None, 49. Please check the Var_notes or variable mapping.
Matching row  18
coeffs for Last measurement in raw DN for LVPS Board signal “N2.5V”= [-33.0 0.00886447 0.0 0.0 0.0 0.0 0.0 0.0]
var_name = Last measurement in raw DN for LVPS Board signal “N2.5V”
var_name = None
KeyError: (1, None) - Could not find entry for None, 50. Please check the Var_notes or variable mapping.
Matching row  18
coeffs for Last measurement in raw DN for LVPS Board signal “Spare”= [0.0 0.00161172 0.0 0.0 0.0 0.0 0.0 0.0]
var_name = Last measurement in raw DN for LVPS Board signal “Spare”
var_name = spare_signal
KeyError: (1, 'spare_signal') - Could not find entry for spare_signal, 51. Please check the Var_notes or variable mapping.
High gain delay = 31 samples.
Mid gain delay = 31 samples.
Low gain delay = 31 samples.
High sampling trigger mode =  0 0 0
AID = 2415277393
Event number = 0
Rice compression enabled = False
Timestamp = 439519019.55586 seconds since epoch (Midnight January 1st, 2010)
Trigger time = 2023-12-06 00:36:59.555860+00:00
1
1
1
1
1
1
1
1
1
1
1
1
Progress: [====================]100% [Elapsed: 0:00:00.955397, 129 pkts/s]
Parsing waveform for scitype=2
8189
Parsing waveform for scitype=4
8189
Parsing waveform for scitype=8
8189
Parsing waveform for scitype=16
512
Parsing waveform for scitype=32
512
Parsing waveform for scitype=64
512
'list' object has no attribute 'min'
Created dataset: /1/Metadata/SHCOARSE with value: 439522278
Created dataset: /1/Metadata/SHFINE with value: 9065
Skipping header field IDX__SCI0AID
Skipping header field IDX__SCI0TYPE
Skipping header field IDX__SCI0CONT
Skipping header field IDX__SCI0SPARE1
Skipping header field IDX__SCI0PACK
Skipping header field IDX__SCI0FRAG
Skipping header field IDX__SCI0COMP
Skipping header field IDX__SCI0EVTNUM
Skipping header field IDX__SCI0CAT
Skipping header field IDX__SCI0QUAL
Skipping header field IDX__SCI0FRAGOFF
Skipping header field IDX__SCI0VER
Skipping header field IDX__SCI0TIME32
Skipping header field IDX__SCI0SPARE2
Skipping header field IDX__SCI0SPARE3
Skipping header field IDX__SCI0SPARE4
Skipping header field IDX__TXHDRSCIEVTLEN
Skipping header field IDX__TXHDRSP00
Skipping header field IDX__TXHDRTIMESEC1
Skipping header field IDX__TXHDRTIMESEC2
Skipping header field IDX__TXHDRTIMESUBS
Skipping header field IDX__TXHDRSP01
Skipping header field IDX__TXHDRTRIGOFFSET
Skipping header field IDX__TXHDRSP02
Skipping header field IDX__TXHDRTRIGID
Skipping header field IDX__TXHDREVTNUM
Skipping header field IDX__TXHDRBLOCKS
Skipping header field IDX__TXHDRHGTRIGCTRL1
Skipping header field IDX__TXHDRHGTRIGCTRL2
Skipping header field IDX__TXHDRLGTRIGCTRL1
Skipping header field IDX__TXHDRLGTRIGCTRL2
Skipping header field IDX__TXHDRMGTRIGCTRL1
Skipping header field IDX__TXHDRMGTRIGCTRL2
Skipping header field IDX__TXHDRSP03
Skipping header field IDX__TXHDRLSADC
Skipping header field IDX__TXHDRPOLSTAT
Skipping header field IDX__TXHDRSP04
Skipping header field IDX__TXHDRPOLCTRL
Skipping header field IDX__TXHDRCOINENA
Skipping header field IDX__TXHDRLSTRIGMODE
Skipping header field IDX__TXHDRMGTRIGMODE
Skipping header field IDX__TXHDRLGTRIGMODE
Skipping header field IDX__TXHDRHGTRIGMODE
Skipping header field IDX__TXHDRSP05
Skipping header field IDX__TXHDRSP06
Skipping header field IDX__TXHDRSP07
Skipping header field IDX__TXHDRSP08
Skipping header field IDX__TXHDRTOFMAX
Skipping header field IDX__TXHDRTOFMIN
Skipping header field IDX__TXHDRLS0MAXMIN
Skipping header field IDX__TXHDRLS1MAXMIN
Skipping header field IDX__TXHDRLS2MAXMIN
Skipping header field IDX__TXHDRFIFODELAY
Skipping header field IDX__TXHDRSAMPDELAY
Skipping header field IDX__TXHDRTRANSCNT
Skipping header field IDX__TXHDRPROCHKCH01
Skipping header field IDX__TXHDRPROCHKCH23
Skipping header field IDX__TXHDRPROCHKCH45
Skipping header field IDX__TXHDRPROCHKCH67
Skipping header field IDX__TXHDRHVPSHKCH01
Skipping header field IDX__TXHDRHVPSHKCH23
Skipping header field IDX__TXHDRHVPSHKCH45
Skipping header field IDX__TXHDRHVPSHKCH67
Skipping header field IDX__TXHDRLVHK0CH01
Skipping header field IDX__TXHDRLVHK0CH23
Skipping header field IDX__TXHDRLVHK0CH45
Skipping header field IDX__TXHDRLVHK0CH67
Skipping header field IDX__TXHDRLVHK1CH01
Skipping header field IDX__TXHDRLVHK1CH23
Skipping header field IDX__TXHDRLVHK1CH45
Skipping header field IDX__TXHDRLVHK1CH67
Skipping header field IDX__TXHDRLVHK2CH01
Skipping header field IDX__TXHDRLVHK2CH23
Skipping header field IDX__TXHDRLVHK2CH45
Skipping header field IDX__TXHDRLVHK2CH67
Skipping header field IDX__TXHDRSP09
Skipping header field IDX__TXHDRSP10
Skipping header field IDX__TXHDRFSWAIDCOPY
Skipping header field IDX__TXHDRFSWBINCOPY
Skipping header field IDX__TXHDRFSWMAJOR
Skipping header field IDX__TXHDRFSWMINOR
Skipping header field IDX__TXHDRFSWPATCH
Skipping header field IDX__TXHDRFSWHVSTAT
Skipping header field IDX__TXHDRFSWMEM0
Skipping header field IDX__TXHDRFSWMEM1
Skipping header field IDX__TXHDRFSWPT0
Skipping header field IDX__TXHDRFSWPT1
Skipping header field IDX__TXHDRFSWPT2
Skipping header field IDX__TXHDRFSWPT3
Skipping header field IDX__TXHDRFSWPT4
Skipping header field IDX__TXHDRFSWPT5
Skipping header field IDX__TXHDRFSWPT6
Skipping header field IDX__TXHDRFSWPT7
Skipping header field IDX__TXHDRFSWPT8
Skipping header field IDX__TXHDRFSWPT9
Skipping header field IDX__TXHDRFPGAVER
Skipping header field IDX__SYNCSCI0PKT
Skipping header field IDX__CRCSCI0PKT
Created dataset: /1/Metadata/detector_voltage with value: 1702.5624
Created dataset: /1/Metadata/sensor_voltage with value: 2946.5172000000002
Created dataset: /1/Metadata/target_voltage with value: 2505.492
Created dataset: /1/Metadata/reflectron_voltage with value: 197.80200000000002
Created dataset: /1/Metadata/rejection_voltage with value: 2943.5868
Created dataset: /1/Metadata/current_hvps_sensor with value: 0.012139182
Created dataset: /1/Metadata/positive_current_hvps with value: 0.065812656
Created dataset: /1/Metadata/negative_current_hvps with value: 0.007423394999999999
Created dataset: /1/Metadata/voltage_3V3_ref with value: 3.30080256
Created dataset: /1/Metadata/voltage_3V3_op_ref with value: 3.30080256
Created dataset: /1/Metadata/voltage_neg6V_bus with value: -6.397725530000002
Created dataset: /1/Metadata/voltage_pos6V_bus with value: 6.3437299199999995
Created dataset: /1/Metadata/voltage_pos16V_bus with value: 15.35986402
Created dataset: /1/Metadata/voltage_pos3V3_bus with value: 3.31369632
Created dataset: /1/Metadata/voltage_neg5V_bus with value: -5.032597150000001
Created dataset: /1/Metadata/voltage_pos5V_bus with value: 5.0624125200000005
Created dataset: /1/Metadata/current_3V3_bus with value: 2.7254185200000003
Created dataset: /1/Metadata/current_16V_bus with value: 0.1853478
Created dataset: /1/Metadata/current_6V_bus with value: 0.1207985639
Created dataset: /1/Metadata/current_neg6V_bus with value: -0.092674015
Created dataset: /1/Metadata/current_5V_bus with value: 0.07575091519999999
Created dataset: /1/Metadata/current_neg5V_bus with value: -0.0667856475
Created dataset: /1/Metadata/current_2V5_bus with value: 0.72849744
Created dataset: /1/Metadata/current_neg2V5_bus with value: -0.11866288500000001
Created dataset: /1/Metadata/current_1V_pol with value: 771.0982062
Created dataset: /1/Metadata/current_1.9V_pol with value: 1153.9385334
Created dataset: /1/Metadata/temperature_1 with value: 54.72515700493998
Created dataset: /1/Metadata/temperature_2 with value: 47.06092127434002
Created dataset: /1/Metadata/voltage_1V_bus with value: 1.0008793619999998
Created dataset: /1/Metadata/fpga_temperature with value: 54.88621760000001
Created dataset: /1/Metadata/voltage_1.9V_bus with value: 1.8760444079999998
Created dataset: /1/Metadata/voltage_3.3V_bus with value: 3.2863011579999997
Created dataset: /1/Metadata/TOFDelay with value: 32537631
Created dataset: /1/Metadata/TOFDelay_L with value: 31
Created dataset: /1/Metadata/TOFDelay_M with value: 31
Created dataset: /1/Metadata/TOFDelay_H with value: 31
Created dataset: /1/Metadata/FIFODelay with value: 0
Created dataset: /1/Metadata/Timestamp with value: 1701823019.55586
Created dataset: /1/Metadata/SpacecraftSeconds with value: 439519019.55586
Auto-assigned 14 mass line(s) with 8 detected peaks
No accelerator match found for event 1
